==========
(p) and (q) is not a tautology.
p=false,q=true
