==========
(p) => (q) is not a tautology.
p=true,q=false
