==========
not ((p) and (q)) is not a tautology.
p=true,q=true
