==========
(true) and (false) is not a tautology.
